check-admin.ts(6,35): error TS2353: Object literal may only specify known properties, and 'adapter' does not exist in type 'Subset<PrismaClientOptions, PrismaClientOptions>'.
next.config.ts(16,3): error TS2353: Object literal may only specify known properties, and 'eslint' does not exist in type 'NextConfig'.
src/app/profile/page.tsx(42,31): error TS2322: Type '(formData: FormData) => Promise<{ error: string; success?: undefined; } | { success: boolean; error?: undefined; }>' is not assignable to type 'string | ((formData: FormData) => void | Promise<void>) | undefined'.
  Type '(formData: FormData) => Promise<{ error: string; success?: undefined; } | { success: boolean; error?: undefined; }>' is not assignable to type '(formData: FormData) => void | Promise<void>'.
    Type 'Promise<{ error: string; success?: undefined; } | { success: boolean; error?: undefined; }>' is not assignable to type 'void | Promise<void>'.
      Type 'Promise<{ error: string; success?: undefined; } | { success: boolean; error?: undefined; }>' is not assignable to type 'Promise<void>'.
        Type '{ error: string; success?: undefined; } | { success: boolean; error?: undefined; }' is not assignable to type 'void'.
          Type '{ error: string; success?: undefined; }' is not assignable to type 'void'.
src/app/profile/page.tsx(85,31): error TS2322: Type '(formData: FormData) => Promise<{ error: string; success?: undefined; } | { success: boolean; error?: undefined; }>' is not assignable to type 'string | ((formData: FormData) => void | Promise<void>) | undefined'.
  Type '(formData: FormData) => Promise<{ error: string; success?: undefined; } | { success: boolean; error?: undefined; }>' is not assignable to type '(formData: FormData) => void | Promise<void>'.
    Type 'Promise<{ error: string; success?: undefined; } | { success: boolean; error?: undefined; }>' is not assignable to type 'void | Promise<void>'.
      Type 'Promise<{ error: string; success?: undefined; } | { success: boolean; error?: undefined; }>' is not assignable to type 'Promise<void>'.
        Type '{ error: string; success?: undefined; } | { success: boolean; error?: undefined; }' is not assignable to type 'void'.
          Type '{ error: string; success?: undefined; }' is not assignable to type 'void'.
src/app/profile/page.tsx(155,51): error TS2322: Type '() => Promise<{ error: string; success?: undefined; } | { success: boolean; error?: undefined; }>' is not assignable to type 'string | ((formData: FormData) => void | Promise<void>) | undefined'.
  Type '() => Promise<{ error: string; success?: undefined; } | { success: boolean; error?: undefined; }>' is not assignable to type '(formData: FormData) => void | Promise<void>'.
    Type 'Promise<{ error: string; success?: undefined; } | { success: boolean; error?: undefined; }>' is not assignable to type 'void | Promise<void>'.
      Type 'Promise<{ error: string; success?: undefined; } | { success: boolean; error?: undefined; }>' is not assignable to type 'Promise<void>'.
        Type '{ error: string; success?: undefined; } | { success: boolean; error?: undefined; }' is not assignable to type 'void'.
          Type '{ error: string; success?: undefined; }' is not assignable to type 'void'.
src/app/restaurants/[id]/MenuWithFilters.tsx(264,41): error TS2322: Type '{ price: number; id: string; name: string; description: string | null; category: string | null; imageUrl: string | null; restaurantId?: string; }' is not assignable to type 'MenuItem'.
  Types of property 'category' are incompatible.
    Type 'string | null' is not assignable to type 'string'.
      Type 'null' is not assignable to type 'string'.
